<html>
<body>
<pre>
<h1>µVision Build Log</h1>
<h2>Tool Versions:</h2>
IDE-Version: µVision V5.35.0.0
Copyright (C) 2021 ARM Ltd and ARM Germany GmbH. All rights reserved.
License Information: Sridhar Singhal, IIT KGP, LIC=----
 
Tool Versions:
Toolchain:       MDK-Lite  Version: 5.35.0.2
Toolchain Path:  D:\Program Files\Keil\MDK5 Installation\ARM\ARMCLANG\Bin
C Compiler:      ArmClang.exe V6.16
Assembler:       Armasm.exe V6.16
Linker/Locator:  ArmLink.exe V6.16
Library Manager: ArmAr.exe V6.16
Hex Converter:   FromElf.exe V6.16
CPU DLL:         SARMCM3.DLL V5.35.0.2
Dialog DLL:      DCM.DLL V1.17.3.0
Target DLL:      DbgFM.DLL V1.16.17.0
Dialog DLL:      TCM.DLL V1.53.0.0
 
<h2>Project:</h2>
D:\Documents\IIT KGP\Microcontroller and Embedded Systems\AT60503 Simulations\Term_project\kalman_stm32\Tutorial 2\stm32F3_based.uvprojx
Project File Date:  11/10/2021

<h2>Output:</h2>
*** Using Compiler 'V6.16', folder: 'D:\Program Files\Keil\MDK5 Installation\ARM\ARMCLANG\Bin'
Rebuild target 'Target 1'
compiling BayesFunctions.c...
compiling BasicMathFunctions.c...
compiling main.cpp...
compiling BayesFunctionsF16.c...
compiling ControllerFunctions.c...
compiling BasicMathFunctionsF16.c...
compiling ComplexMathFunctionsF16.c...
compiling ComplexMathFunctions.c...
compiling DistanceFunctionsF16.c...
compiling DistanceFunctions.c...
compiling FastMathFunctionsF16.c...
compiling FastMathFunctions.c...
compiling CommonTablesF16.c...
compiling InterpolationFunctionsF16.c...
compiling InterpolationFunctions.c...
compiling FilteringFunctionsF16.c...
compiling QuaternionMathFunctions.c...
compiling SVMFunctions.c...
compiling SVMFunctionsF16.c...
compiling MatrixFunctionsF16.c...
compiling StatisticsFunctionsF16.c...
compiling SupportFunctionsF16.c...
compiling stm32f3xx_hal.c...
compiling SupportFunctions.c...
compiling StatisticsFunctions.c...
compiling stm32f3xx_hal_cortex.c...
compiling stm32f3xx_hal_flash.c...
compiling stm32f3xx_hal_flash_ex.c...
compiling TransformFunctionsF16.c...
compiling stm32f3xx_hal_gpio.c...
compiling stm32f3xx_hal_rcc_ex.c...
compiling system_stm32f3xx.c...
compiling MatrixFunctions.c...
compiling stm32f3xx_hal_rcc.c...
assembling startup_stm32f303x8.s...
compiling TransformFunctions.c...
compiling FilteringFunctions.c...
compiling CommonTables.c...
linking...
Program Size: Code=764 RO-data=408 RW-data=0 ZI-data=1632  
FromELF: creating hex file...
".\Objects\binary.axf" - 0 Error(s), 0 Warning(s).

<h2>Software Packages used:</h2>

Package Vendor: ARM
                http://www.keil.com/pack/ARM.CMSIS.5.8.0.pack
                ARM.CMSIS.5.8.0
                CMSIS (Common Microcontroller Software Interface Standard)
   * Component: CORE Version: 5.5.0
   * Component: DSP Variant: Source Version: 1.9.0-dev

Package Vendor: Keil
                http://www.keil.com/pack/Keil.STM32F3xx_DFP.2.2.0.pack
                Keil.STM32F3xx_DFP.2.2.0
                STMicroelectronics STM32F3 Series Device Support and Examples
   * Component: COMMON Version: 1.11.2
   * Component: CORTEX Version: 1.11.2
   * Component: FLASH Version: 1.11.2
   * Component: GPIO Version: 1.11.2
   * Component: RCC Version: 1.11.2
   * Component: Startup Version: 1.11.2

<h2>Collection of Component include folders:</h2>
  .\RTE\Device\STM32F303C8Tx
  .\RTE\_Target_1
  D:\Program Files\Keil\MDK5 Packs\ARM\CMSIS\5.8.0\CMSIS\Core\Include
  D:\Program Files\Keil\MDK5 Packs\ARM\CMSIS\5.8.0\CMSIS\DSP\Include
  D:\Program Files\Keil\MDK5 Packs\ARM\CMSIS\5.8.0\CMSIS\DSP\PrivateInclude
  D:\Program Files\Keil\MDK5 Packs\Keil\STM32F3xx_DFP\2.2.0\Drivers\CMSIS\Device\ST\STM32F3xx\Include
  D:\Program Files\Keil\MDK5 Packs\Keil\STM32F3xx_DFP\2.2.0\Drivers\STM32F3xx_HAL_Driver\Inc
  D:\Program Files\Keil\MDK5 Packs\Keil\STM32F3xx_DFP\2.2.0\Drivers\STM32F3xx_HAL_Driver\Inc\Legacy

<h2>Collection of Component Files used:</h2>

   * Component: ARM::CMSIS:CORE:5.5.0

   * Component: ARM::CMSIS:DSP:Source:1.9.0-dev
      Include file:  CMSIS\DSP\Include\arm_math_f16.h
      Include file:  CMSIS\DSP\Include\arm_common_tables_f16.h
      Include file:  CMSIS\DSP\Include\arm_const_structs_f16.h
      Source file:   CMSIS\DSP\Source\BasicMathFunctions\BasicMathFunctions.c
      Source file:   CMSIS\DSP\Source\QuaternionMathFunctions\QuaternionMathFunctions.c
      Include file:  CMSIS\DSP\Include\arm_math.h
      Include file:  CMSIS\DSP\Include\arm_const_structs.h
      Source file:   CMSIS\DSP\Source\BayesFunctions\BayesFunctions.c
      Source file:   CMSIS\DSP\Source\CommonTables\CommonTables.c
      Include file:  CMSIS\DSP\Include\arm_common_tables.h
      Source file:   CMSIS\DSP\Source\ComplexMathFunctions\ComplexMathFunctions.c
      Source file:   CMSIS\DSP\Source\SupportFunctions\SupportFunctions.c
      Source file:   CMSIS\DSP\Source\SVMFunctions\SVMFunctionsF16.c
      Source file:   CMSIS\DSP\Source\StatisticsFunctions\StatisticsFunctions.c
      Source file:   CMSIS\DSP\Source\DistanceFunctions\DistanceFunctions.c
      Source file:   CMSIS\DSP\Source\ControllerFunctions\ControllerFunctions.c
      Source file:   CMSIS\DSP\Source\MatrixFunctions\MatrixFunctionsF16.c
      Source file:   CMSIS\DSP\Source\FilteringFunctions\FilteringFunctions.c
      Source file:   CMSIS\DSP\Source\TransformFunctions\TransformFunctions.c
      Source file:   CMSIS\DSP\Source\InterpolationFunctions\InterpolationFunctions.c
      Source file:   CMSIS\DSP\Source\DistanceFunctions\DistanceFunctionsF16.c
      Source file:   CMSIS\DSP\Source\BayesFunctions\BayesFunctionsF16.c
      Source file:   CMSIS\DSP\Source\MatrixFunctions\MatrixFunctions.c
      Source file:   CMSIS\DSP\Source\SVMFunctions\SVMFunctions.c
      Source file:   CMSIS\DSP\Source\CommonTables\CommonTablesF16.c
      Source file:   CMSIS\DSP\Source\BasicMathFunctions\BasicMathFunctionsF16.c
      Source file:   CMSIS\DSP\Source\StatisticsFunctions\StatisticsFunctionsF16.c
      Source file:   CMSIS\DSP\Source\TransformFunctions\TransformFunctionsF16.c
      Source file:   CMSIS\DSP\Source\SupportFunctions\SupportFunctionsF16.c
      Source file:   CMSIS\DSP\Source\FilteringFunctions\FilteringFunctionsF16.c
      Source file:   CMSIS\DSP\Source\FastMathFunctions\FastMathFunctionsF16.c
      Source file:   CMSIS\DSP\Source\InterpolationFunctions\InterpolationFunctionsF16.c
      Source file:   CMSIS\DSP\Source\ComplexMathFunctions\ComplexMathFunctionsF16.c
      Source file:   CMSIS\DSP\Source\FastMathFunctions\FastMathFunctions.c

   * Component: Keil.Standalone::Device:STM32Cube HAL:COMMON:1.11.2
      Include file:  Drivers\STM32F3xx_HAL_Driver\Inc\stm32f3xx_hal_def.h
      Source file:   Drivers\STM32F3xx_HAL_Driver\Src\stm32f3xx_hal.c
      Source file:   MDK\Templates\Src\main.c
      Source file:   MDK\Templates\Src\stm32f3xx_it.c
      Source file:   MDK\Templates\Src\stm32f3xx_hal_msp.c
      Include file:  MDK\Templates\Inc\stm32f3xx_it.h
      Include file:  MDK\Templates\Inc\main.h
      Include file:  Drivers\STM32F3xx_HAL_Driver\Inc\stm32f3xx_hal.h
      Include file:  MDK\Templates\Inc\stm32f3xx_hal_conf.h
      Include file:  Drivers\STM32F3xx_HAL_Driver\Inc\Legacy\stm32_hal_legacy.h

   * Component: Keil.Standalone::Device:STM32Cube HAL:CORTEX:1.11.2
      Source file:   Drivers\STM32F3xx_HAL_Driver\Src\stm32f3xx_hal_cortex.c

   * Component: Keil.Standalone::Device:STM32Cube HAL:FLASH:1.11.2
      Source file:   Drivers\STM32F3xx_HAL_Driver\Src\stm32f3xx_hal_flash_ex.c
      Source file:   Drivers\STM32F3xx_HAL_Driver\Src\stm32f3xx_hal_flash.c

   * Component: Keil.Standalone::Device:STM32Cube HAL:GPIO:1.11.2
      Source file:   Drivers\STM32F3xx_HAL_Driver\Src\stm32f3xx_hal_gpio.c

   * Component: Keil.Standalone::Device:STM32Cube HAL:RCC:1.11.2
      Source file:   Drivers\STM32F3xx_HAL_Driver\Src\stm32f3xx_hal_rcc_ex.c
      Source file:   Drivers\STM32F3xx_HAL_Driver\Src\stm32f3xx_hal_rcc.c

   * Component: Keil.Standalone::Device:Startup:1.11.2
      Source file:   MDK\Device\Source\ARM\STM32F3xx_OPT.s
      Include file:  Drivers\CMSIS\Device\ST\STM32F3xx\Include\stm32f3xx.h
      Source file:   Drivers\CMSIS\Device\ST\STM32F3xx\Source\Templates\arm\startup_stm32f303x8.s
      Source file:   Drivers\CMSIS\Device\ST\STM32F3xx\Source\Templates\system_stm32f3xx.c
Build Time Elapsed:  00:00:05
</pre>
</body>
</html>
